// Vitest Snapshot v1, https://vitest.dev/guide/snapshot.html

exports[`Cache Integrity - Snapshot > deve gerar um snapshot das query keys usadas para escrita de deals 1`] = `
{
  "useDealsQuery.ts": [
    "DEALS_VIEW_KEY",
    "DEALS_VIEW_KEY",
    "DEALS_VIEW_KEY",
    "queryKeys.deals.detail(id",
    "DEALS_VIEW_KEY",
    "DEALS_VIEW_KEY",
    "DEALS_VIEW_KEY",
    "DEALS_VIEW_KEY",
    "DEALS_VIEW_KEY",
  ],
  "useMoveDeal.ts": [
    "DEALS_VIEW_KEY",
    "queryKeys.deals.detail(dealId",
    "DEALS_VIEW_KEY",
    "queryKeys.deals.detail(deal.id",
  ],
  "useRealtimeSync.ts": [
    "DEALS_VIEW_KEY",
    "DEALS_VIEW_KEY",
  ],
}
`;
